// Jest Snapshot v1, https://goo.gl/fbAQLP

exports[`ArticleListItem tests renders correctly 1`] = `
<div>
  <li />
</div>
`;
